HI-TECH Software C Compiler 

Linker command line:

--edf=D:\Embedded\HI-TECH Software\PICC\9.83\dat\en_msgs.txt -cs \
  -h+ms83f080_hotsenser.sym -z -Q16F685 -ol.obj -Mms83f080_hotsenser.map \
  -E1 -ACONST=00h-0FFhx8 -ACODE=00h-07FFh -ASTRCODE=00h-07FFh \
  -AENTRY=00h-0FFhx8 -ASTRING=00h-0FFhx8 -ABANK0=020h-06Fh \
  -ABANK1=0A0h-0BFh -ARAM=020h-06Fh,0A0h-0BFh -AABS1=020h-07Fh,0A0h-0BFh \
  -ACOMMON=070h-07Fh -ASFR0=00h-01Fh -ASFR1=080h-09Fh -ASFR2=0100h-016Fh \
  -preset_vec=00h,intentry=04h,init,end_init -ppowerup=CODE -pfunctab=CODE \
  -ACONFIG=02007h-02007h -pconfig=CONFIG -DCONFIG=2 -AIDLOC=02000h-02003h \
  -pidloc=IDLOC -DIDLOC=2 -AEEDATA=00h-0FFh/02100h -peeprom_data=EEDATA \
  -DEEDATA=2 -DCODE=2 -DSTRCODE=2 -DSTRING=2 -DCONST=2 -DENTRY=2 -k \
  startup.obj ms83f080_hotsenser.obj 

Object code version is 3.10

Machine type is 16F685



                Name                               Link     Load   Length Selector   Space Scale
startup.obj     end_init                             10       10        1        8       0
                reset_vec                             0        0        1        0       0
ms83f080_hotsenser.obj
                intentry                              4        4        C        8       0
                text541                             22A      22A        B        8       0
                text540                             249      249        A        8       0
                text539                             186      186       22        8       0
                text538                             115      115       29        8       0
                text537                             23F      23F        A        8       0
                text536                             1A8      1A8       21        8       0
                text535                             203      203       16        8       0
                text534                             219      219       11        8       0
                text533                              EC       EC       29        8       0
                text532                             13E      13E       25        8       0
                text531                             163      163       23        8       0
                text530                             1E6      1E6       1D        8       0
                text529                             1C9      1C9       1D        8       0
                text528                              BB       BB       31        8       0
                maintext                             11       11       AA        8       0
                cstackBANK0                          20       20        A       20       1
                cstackCOMMON                         70       70        6       70       1
                bssBANK0                             2A       2A        4       20       1
                bssCOMMON                            76       76        4       70       1
                cinit                               235      235        A        8       0

TOTAL           Name                               Link     Load   Length     Space
        CLASS   CONST          

        CLASS   CODE           
                end_init                             10       10        1         0
                intentry                              4        4        C         0
                reset_vec                             0        0        1         0
                text541                             22A      22A        B         0
                text540                             249      249        A         0
                text539                             186      186       22         0
                text538                             115      115       29         0
                text537                             23F      23F        A         0
                text536                             1A8      1A8       21         0
                text535                             203      203       16         0
                text534                             219      219       11         0
                text533                              EC       EC       29         0
                text532                             13E      13E       25         0
                text531                             163      163       23         0
                text530                             1E6      1E6       1D         0
                text529                             1C9      1C9       1D         0
                text528                              BB       BB       31         0
                maintext                             11       11       AA         0
                cinit                               235      235        A         0

        CLASS   STRCODE        

        CLASS   ENTRY          

        CLASS   STRING         

        CLASS   BANK0          
                cstackBANK0                          20       20        A         1
                bssBANK0                             2A       2A        4         1

        CLASS   BANK1          

        CLASS   RAM            

        CLASS   ABS1           
                abs_s1                               7E       7E        2         1
                abs_s1                              18C      18C        1         1
                abs_s1                              19D      19D        2         1

        CLASS   COMMON         
                cstackCOMMON                         70       70        6         1
                bssCOMMON                            76       76        4         1

        CLASS   SFR0           

        CLASS   SFR1           

        CLASS   SFR2           

        CLASS   CONFIG         

        CLASS   IDLOC          

        CLASS   EEDATA         

        CLASS   BANK2          



SEGMENTS        Name                           Load    Length   Top    Selector   Space  Class     Delta

                reset_vec                      000000  000001  000001         0       0  CODE        2
                intentry                       000004  00024F  000253         8       0  CODE        2
                cstackBANK0                    000020  00000E  00002E        20       1  BANK0       1
                cstackCOMMON                   000070  00000A  00007A        70       1  COMMON      1


UNUSED ADDRESS RANGES

        Name                Unused          Largest block    Delta
        BANK0            02E-06F            42           1
        BANK1            0A0-0BF            20           1
        CODE             001-003             3           2
                         253-7FF           5AD
        COMMON           07A-07D             4           1
        CONFIG           2007-2007             1           2
        CONST            001-003             3           2
                         253-7FF           100
        EEDATA           2100-21FF           100           2
        ENTRY            001-003             3           2
                         253-7FF           100
        IDLOC            2000-2003             4           2
        RAM              02E-06F            42           1
                         0A0-0BF            20
        SFR0             000-01F            20           1
        SFR1             080-09F            20           1
        SFR2             100-16F            70           1
        STRCODE          001-003             3           2
                         253-7FF           5AD
        STRING           001-003             3           2
                         253-7FF           100

                                  Symbol Table

??_ADC_Init                 cstackCOMMON 076
??_Delay_xms                cstackBANK0  020
??_EEPROM_Init              cstackBANK0  020
??_ExchChannel              cstackCOMMON 074
??_GPIO_Init                cstackCOMMON 074
??_GetADCValue              cstackBANK0  020
??_ISR                      cstackCOMMON 070
??_LED_Study_End            cstackCOMMON 076
??_Read_EEPROM_u16          cstackBANK0  024
??_Read_EEPROM_u8           cstackCOMMON 074
??_System_init              cstackCOMMON 074
??_Write_EEPROM_u16         cstackBANK0  022
??_Write_EEPROM_u8          cstackCOMMON 075
??_isKeyPressed             cstackCOMMON 074
??_main                     cstackBANK0  029
?_ADC_Init                  cstackCOMMON 070
?_Delay_xms                 cstackCOMMON 074
?_EEPROM_Init               cstackCOMMON 070
?_ExchChannel               cstackCOMMON 070
?_GPIO_Init                 cstackCOMMON 070
?_GetADCValue               cstackCOMMON 074
?_ISR                       cstackCOMMON 070
?_LED_Study_End             cstackCOMMON 070
?_Read_EEPROM_u16           cstackBANK0  022
?_Read_EEPROM_u8            cstackCOMMON 070
?_System_init               cstackCOMMON 070
?_Write_EEPROM_u16          cstackBANK0  020
?_Write_EEPROM_u8           cstackCOMMON 074
?_isKeyPressed              cstackCOMMON 070
?_main                      cstackCOMMON 070
Delay_xms@i                 cstackBANK0  022
Delay_xms@x                 cstackCOMMON 074
ExchChannel@adc_ch_temp     cstackBANK0  021
ExchChannel@ch_temp         cstackBANK0  020
GetADCValue@ADC_num         cstackBANK0  022
Read_EEPROM_u16@EEAddress   cstackBANK0  026
Read_EEPROM_u16@EepromData  cstackBANK0  027
Read_EEPROM_u8@EEAddress    cstackBANK0  020
Read_EEPROM_u8@ReEepromData cstackBANK0  021
Write_EEPROM_u16@DATA_H     cstackBANK0  023
Write_EEPROM_u16@DATA_L     cstackBANK0  024
Write_EEPROM_u16@EEAddress  cstackBANK0  025
Write_EEPROM_u16@EEDatas    cstackBANK0  020
Write_EEPROM_u8@EEAddress   cstackCOMMON 075
Write_EEPROM_u8@EEDatas     cstackCOMMON 074
_ADC1_ADCOUT                bssCOMMON    076
_ADC6_INPUT                 bssBANK0     02A
_ADCON0                     (abs)        01F
_ADCS0                      (abs)        4FC
_ADCS1                      (abs)        4FD
_ADCS2                      (abs)        4FE
_ADC_Init                   text529      1C9
_ADC_STUDY_VALUE            bssBANK0     02C
_ADFM                       (abs)        0FF
_ADON                       (abs)        0F8
_ADRESH                     (abs)        01E
_ADRESL                     (abs)        09E
_ANSEL0                     (abs)        488
_ANSEL1                     (abs)        489
_ANSEL2                     (abs)        48A
_ANSEL3                     (abs)        48B
_ANSEL4                     (abs)        48C
_ANSEL5                     (abs)        48D
_ANSEL6                     (abs)        48E
_ANSEL7                     (abs)        48F
_C1SEN                      (abs)        CF5
_C2REN                      (abs)        CF4
_CARRY                      (abs)        018
_CHS0                       (abs)        0FA
_CHS1                       (abs)        0FB
_CHS2                       (abs)        0FC
_CM0                        (abs)        0C8
_CM1                        (abs)        0C9
_CM2                        (abs)        0CA
_DIVS                       (abs)        4FF
_Delay_xms                  text531      163
_EEADR                      (abs)        09B
_EECON1                     (abs)        09C
_EECON2                     (abs)        09D
_EEDAT                      (abs)        09A
_EEDATA                     (abs)        09A
_EEIF                       (abs)        067
_EEPGD                      (abs)        C67
_EEPROM_Init                text534      219
_ExchChannel                text532      13E
_GIE                        (abs)        05F
_GO_DONE                    (abs)        0F9
_GPIO_Init                  text539      186
_GetADCValue                text538      115
_ISR                        text541      22A
_LED_Study_End              text528      0BB
_OPTION                     (abs)        081
_OSCCON                     (abs)        08F
_PA6                        (abs)        02E
_PC1                        (abs)        039
_PC3                        (abs)        03B
_PSTRCON                    (abs)        19D
_PULSR                      (abs)        CF2
_PULSS                      (abs)        CF3
_RD                         (abs)        4E0
_Read_EEPROM_u16            text533      0EC
_Read_EEPROM_u8             text535      203
_SR0                        (abs)        CF6
_SR1                        (abs)        CF7
_SRCON                      (abs)        19E
_STRA                       (abs)        CE8
_STRB                       (abs)        CE9
_STRC                       (abs)        CEA
_STRD                       (abs)        CEB
_STRSYNC                    (abs)        CEC
_System_init                text540      249
_TRISA0                     (abs)        428
_TRISA1                     (abs)        429
_TRISA6                     (abs)        42E
_TRISC1                     (abs)        439
_TRISC2                     (abs)        43A
_TRISC3                     (abs)        43B
_VCFG0                      (abs)        0FD
_WDTCON                     (abs)        018
_WPDA4                      (abs)        44C
_WPDC1                      (abs)        44B
_WPDC2                      (abs)        44A
_WPDC3                      (abs)        449
_WPUA0                      (abs)        4A8
_WPUA1                      (abs)        4A9
_WPUA6                      (abs)        4AE
_WPUC1                      (abs)        441
_WPUC2                      (abs)        442
_WPUC3                      (abs)        443
_WR                         (abs)        4E8
_WREN                       (abs)        C62
_Write_EEPROM_u16           text530      1E6
_Write_EEPROM_u8            text536      1A8
__Habs1                     abs1         000
__Hbank0                    bank0        000
__Hbank1                    bank1        000
__Hbank2                    bank2        000
__HbssBANK0                 bssBANK0     000
__HbssCOMMON                bssCOMMON    000
__Hcinit                    cinit        000
__Hclrtext                  clrtext      000
__Hcode                     code         000
__Hcommon                   common       000
__Hconfig                   config       000
__HcstackBANK0              cstackBANK0  000
__HcstackCOMMON             cstackCOMMON 000
__Heeprom_data              eeprom_data  000
__Hend_init                 end_init     011
__Hfunctab                  functab      000
__Hidloc                    idloc        000
__Hinit                     init         010
__Hintentry                 intentry     010
__Hmaintext                 maintext     000
__Hpowerup                  powerup      000
__Hram                      ram          000
__Hreset_vec                reset_vec    001
__Hsfr0                     sfr0         000
__Hsfr1                     sfr1         000
__Hsfr2                     sfr2         000
__Hstrings                  strings      000
__Htext                     text         000
__Labs1                     abs1         000
__Lbank0                    bank0        000
__Lbank1                    bank1        000
__Lbank2                    bank2        000
__LbssBANK0                 bssBANK0     000
__LbssCOMMON                bssCOMMON    000
__Lcinit                    cinit        000
__Lclrtext                  clrtext      000
__Lcode                     code         000
__Lcommon                   common       000
__Lconfig                   config       000
__LcstackBANK0              cstackBANK0  000
__LcstackCOMMON             cstackCOMMON 000
__Leeprom_data              eeprom_data  000
__Lend_init                 end_init     010
__Lfunctab                  functab      000
__Lidloc                    idloc        000
__Linit                     init         010
__Lintentry                 intentry     004
__Lmaintext                 maintext     000
__Lpowerup                  powerup      000
__Lram                      ram          000
__Lreset_vec                reset_vec    000
__Lsfr0                     sfr0         000
__Lsfr1                     sfr1         000
__Lsfr2                     sfr2         000
__Lstrings                  strings      000
__Ltext                     text         000
__S0                        (abs)        253
__S1                        (abs)        07A
__S2                        (abs)        000
__end_of_ADC_Init           text529      1E6
__end_of_Delay_xms          text531      186
__end_of_EEPROM_Init        text534      22A
__end_of_ExchChannel        text532      163
__end_of_GPIO_Init          text539      1A8
__end_of_GetADCValue        text538      13E
__end_of_ISR                text541      235
__end_of_LED_Study_End      text528      0EC
__end_of_Read_EEPROM_u16    text533      115
__end_of_Read_EEPROM_u8     text535      219
__end_of_System_init        text540      253
__end_of_Write_EEPROM_u16   text530      203
__end_of_Write_EEPROM_u8    text536      1C9
__end_of_isKeyPressed       text537      249
__end_of_main               maintext     0BB
__pbssBANK0                 bssBANK0     02A
__pbssCOMMON                bssCOMMON    076
__pcstackBANK0              cstackBANK0  020
__pcstackCOMMON             cstackCOMMON 070
__pintentry                 intentry     004
__pmaintext                 maintext     011
__ptext527                  text527      000
__ptext528                  text528      0BB
__ptext529                  text529      1C9
__ptext530                  text530      1E6
__ptext531                  text531      163
__ptext532                  text532      13E
__ptext533                  text533      0EC
__ptext534                  text534      219
__ptext535                  text535      203
__ptext536                  text536      1A8
__ptext537                  text537      23F
__ptext538                  text538      115
__ptext539                  text539      186
__ptext540                  text540      249
__ptext541                  text541      22A
__ptext542                  text542      000
__size_of_ADC_Init          (abs)        000
__size_of_Delay_xms         (abs)        000
__size_of_EEPROM_Init       (abs)        000
__size_of_ExchChannel       (abs)        000
__size_of_GPIO_Init         (abs)        000
__size_of_GetADCValue       (abs)        000
__size_of_ISR               (abs)        000
__size_of_LED_Study_End     (abs)        000
__size_of_Read_EEPROM_u16   (abs)        000
__size_of_Read_EEPROM_u8    (abs)        000
__size_of_System_init       (abs)        000
__size_of_Write_EEPROM_u16  (abs)        000
__size_of_Write_EEPROM_u8   (abs)        000
__size_of_isKeyPressed      (abs)        000
__size_of_main              (abs)        000
_exit                       init         010
_i                          bssCOMMON    078
_isKeyPressed               text537      23F
_j                          bssCOMMON    079
_main                       maintext     011
btemp                       (abs)        07E
end_of_initialization       cinit        23D
interrupt_function          intentry     004
intlevel0                   functab      000
intlevel1                   functab      000
intlevel2                   functab      000
intlevel3                   functab      000
intlevel4                   functab      000
intlevel5                   functab      000
reset_vec                   reset_vec    000
saved_w                     (abs)        07E
start                       init         010
start_initialization        cinit        235
wtemp0                      (abs)        07E
